[sevencollab.com/video-conferencing-apps-with-integrated-payments/index.html]
[backblue.gif]
[fade.gif]
[index.html]
[r2.leadsy.ai/tag.js]
[sevencollab.com/wp-content/themes/sparks-child/assets/css/technologies-pagecbf4.css]
[sevencollab.com/wp-content/themes/sparks-child/assets/css/software-prototype-pagecbf4.css]
[sevencollab.com/wp-content/themes/sparks-child/assets/css/cs-online-schoolcbf4.css]
[sevencollab.com/wp-content/themes/sparks-child/assets/css/custom-software-developmentcbf4.css]
[sevencollab.com/wp-content/themes/sparks-child/assets/css/web-app-developmentcbf4.css]
[sevencollab.com/wp-content/themes/sparks-child/assets/css/mobile-app-developmentcbf4.css]
[sevencollab.com/wp-content/plugins/LayerSlider/static/layerslider/css/layersliderf7b3.css]
[sevencollab.com/wp-content/plugins/contact-form-7/includes/css/styles38c6.css]
[sevencollab.com/wp-content/plugins/wp-carousel-free/public/css/slick.min3601.css]
[sevencollab.com/wp-content/plugins/wp-carousel-free/public/css/font-awesome.min3601.css]
[sevencollab.com/wp-content/plugins/wp-carousel-free/public/css/wp-carousel-free-public.min3601.css]
[sevencollab.com/wp-content/plugins/wp-datepicker/css/front-styles7517.css]
[sevencollab.com/wp-content/plugins/wp-datepicker/css/jquery-uicbf4.css]
[sevencollab.com/wp-content/plugins/wpcf7-redirect/build/css/wpcf7-redirect-frontend.mincbf4.css]
[sevencollab.com/wp-content/themes/sparks-child/assets/css/page-header-custom-sectionad05.css]
[sevencollab.com/wp-content/themes/sparks/stylecbf4.css]
[sevencollab.com/wp-content/themes/sparks-child/assets/fonts/custom_iconcbf4.css]
[sevencollab.com/wp-content/themes/sparks-child/assets/css/preloadercbf4.css]
[sevencollab.com/wp-content/themes/sparks/assets/css/modules.mincbf4.css]
[sevencollab.com/wp-content/themes/sparks/assets/css/style_dynamicbeb3.css]
[sevencollab.com/wp-content/themes/sparks/assets/css/blog.mincbf4.css]
[sevencollab.com/wp-content/themes/sparks-child/stylecbf4.css]
[sevencollab.com/wp-content/themes/sparks-child/assets/css/custom-stylescbf4.css]
[sevencollab.com/wp-content/themes/sparks-child/assets/css/content-slidercbf4.css]
[sevencollab.com/wp-content/themes/sparks-child/assets/css/careers-post-typecbf4.css]
[sevencollab.com/wp-content/themes/sparks-child/assets/css/blog-stylescbf4.css]
[sevencollab.com/wp-content/themes/sparks-child/assets/css/ppm-pagecbf4.css]
[sevencollab.com/wp-content/themes/sparks-child/assets/css/pages-2022cbf4.css]
[sevencollab.com/wp-content/themes/sparks-child/assets/css/frame-phone-12cbf4.css]
[sevencollab.com/wp-content/themes/sparks-child/assets/css/case-studycbf4.css]
[sevencollab.com/wp-content/themes/sparks-child/assets/css/case-studies-slidercbf4.css]
[sevencollab.com/wp-content/themes/sparks-child/assets/css/contact-formscbf4.css]
[sevencollab.com/wp-content/themes/sparks-child/assets/css/pages-2023cbf4.css]
[sevencollab.com/wp-content/themes/sparks-child/assets/css/top-menucbf4.css]
[sevencollab.com/wp-content/themes/sparks-child/assets/css/two-colors-sectioncbf4.css]
[sevencollab.com/wp-content/themes/sparks-child/assets/css/open-to-receivingcbf4.css]
[sevencollab.com/wp-content/themes/sparks-child/assets/css/key-activities-deliverablescbf4.css]
[sevencollab.com/wp-content/themes/sparks-child/assets/css/service-packagescbf4.css]
[sevencollab.com/wp-content/themes/sparks-child/assets/css/dark-icons-linecbf4.css]
[sevencollab.com/wp-content/themes/sparks-child/assets/css/dark-price-blockcbf4.css]
[sevencollab.com/wp-content/themes/sparks-child/assets/css/section-icon-slider-listcbf4.css]
[sevencollab.com/wp-content/themes/sparks-child/assets/css/removed-animationcbf4.css]
[sevencollab.com/wp-content/themes/sparks-child/assets/css/paginationcbf4.css]
[sevencollab.com/wp-content/themes/sparks-child/assets/css/smart-slider-arrowscbf4.css]
[sevencollab.com/wp-content/themes/sparks-child/assets/css/four-col-timeline-listcbf4.css]
[sevencollab.com/wp-content/themes/sparks-child/assets/css/full-wight-two-columnscbf4.css]
[sevencollab.com/wp-content/themes/sparks-child/assets/css/footerde54.css]
[sevencollab.com/wp-content/themes/sparks-child/assets/css/get-free-quote4963.css]
[sevencollab.com/wp-content/themes/sparks-child/assets/css/case-study-static-section4963.css]
[sevencollab.com/wp-content/themes/sparks-child/assets/css/healthcare-specialization5152.css]
[sevencollab.com/wp-content/themes/sparks-child/assets/css/video-js4963.css]
[sevencollab.com/wp-content/themes/sparks-child/assets/css/ScrollMagicMincbf4.css]
[sevencollab.com/wp-content/themes/sparks/assets/css/plugins.mincbf4.css]
[sevencollab.com/wp-content/themes/sparks/assets/css/font-awesome/css/font-awesome.mincbf4.css]
[sevencollab.com/wp-content/themes/sparks/assets/css/elegant-icons/style.mincbf4.css]
[sevencollab.com/wp-content/themes/sparks/assets/css/ion-icons/css/ionicons.mincbf4.css]
[sevencollab.com/wp-content/themes/sparks/assets/css/linea-icons/stylecbf4.css]
[sevencollab.com/wp-content/themes/sparks/assets/css/simple-line-icons/simple-line-iconscbf4.css]
[sevencollab.com/wp-content/themes/sparks/assets/css/dripicons/dripiconscbf4.css]
[sevencollab.com/wp-content/themes/sparks/assets/css/linear-icons/stylecbf4.css]
[sevencollab.com/wp-includes/js/mediaelement/mediaelementplayer-legacy.min45a0.css]
[sevencollab.com/wp-includes/js/mediaelement/wp-mediaelement.mincbf4.css]
[sevencollab.com/wp-content/themes/sparks/assets/css/modules-responsive.mincbf4.css]
[sevencollab.com/wp-content/themes/sparks/assets/css/blog-responsive.mincbf4.css]
[sevencollab.com/wp-content/themes/sparks/assets/css/style_dynamic_responsive6188.css]
[sevencollab.com/wp-content/plugins/js_composer/assets/css/js_composer.min5243.css]
[sevencollab.com/wp-content/plugins/tablepress/css/default.min3aa8.css]
[sevencollab.com/wp-content/plugins/contact-form-7/includes/js/jquery-ui/themes/smoothness/jquery-ui.mine899.css]
[sevencollab.com/wp-content/plugins/complianz-gdpr/assets/css/cookieconsent.minc9a9.css]
[sevencollab.com/wp-content/plugins/nextend-smart-slider3-pro/Public/SmartSlider3/Application/Frontend/Assets/dist/smartslider.minceac.css]
[sevencollab.com/wp-content/plugins/LayerSlider/static/layerslider/js/greensockb3a6.js]
[sevencollab.com/wp-includes/js/jquery/jqueryb8ff.js]
[sevencollab.com/wp-includes/js/jquery/jquery-migrate.min330a.js]
[sevencollab.com/wp-content/plugins/LayerSlider/static/layerslider/js/layerslider.kreaturamedia.jqueryf7b3.js]
[sevencollab.com/wp-content/plugins/LayerSlider/static/layerslider/js/layerslider.transitionsf7b3.js]
[sevencollab.com/wp-includes/js/jquery/ui/core.mine899.js]
[sevencollab.com/wp-includes/js/jquery/ui/datepicker.mine899.js]
[sevencollab.com/wp-content/plugins/wp-datepicker/js/scripts-frontcbf4.js]
[sevencollab.com/wp-includes/js/mediaelement/mediaelement-and-player.min45a0.js]
[sevencollab.com/wp-includes/js/mediaelement/mediaelement-migrate.mincbf4.js]
[sevencollab.com/wp-content/themes/sparks-child/assets/js/jquery-ui-timepicker-addoncbf4.js]
[sevencollab.com/wp-content/uploads/2019/05/favicon.png]
[sevencollab.com/wp-content/uploads/2021/06/Portfolio-button.png]
[sevencollab.com/wp-content/uploads/2023/12/Call-to-actiond006.jpg]
[sevencollab.com/wp-content/plugins/nextend-smart-slider3-pro/Public/SmartSlider3/Application/Frontend/Assets/dist/n2.minceac.js]
[sevencollab.com/wp-content/plugins/nextend-smart-slider3-pro/Public/SmartSlider3/Application/Frontend/Assets/dist/smartslider-frontend.minceac.js]
[sevencollab.com/wp-content/plugins/nextend-smart-slider3-pro/Public/SmartSlider3/Slider/SliderType/Simple/Assets/dist/ss-simple.minceac.js]
[sevencollab.com/wp-content/plugins/nextend-smart-slider3-pro/Public/SmartSlider3/Widget/Arrow/ArrowImage/Assets/dist/w-arrow-image.minceac.js]
[sevencollab.com/wp-content/plugins/nextend-smart-slider3-pro/Public/SmartSlider3/Widget/Bullet/Assets/dist/w-bullet.minceac.js]
[sevencollab.com/wp-content/plugins/nextend-smart-slider3-pro/Public/SmartSlider3/Slider/SliderType/Block/Assets/dist/ss-block.minceac.js]
[sevencollab.com/wp-content/uploads/2023/12/Header.jpg]
[sevencollab.com/wp-content/plugins/LayerSlider/static/admin/img/blank.gif]
[sevencollab.com/wp-content/uploads/2023/12/Online-Clinic-no-background.png]
[sevencollab.com/wp-content/uploads/2023/12/Online-School-no-background.png]
[sevencollab.com/wp-content/uploads/2023/12/Business-no-background.png]
[sevencollab.com/wp-content/uploads/2023/07/Image-for-Article.png]
[sevencollab.com/wp-content/uploads/2023/03/Online-Clinic.png]
[sevencollab.com/wp-content/uploads/2023/03/Online-Learning-Tool.png]
[sevencollab.com/wp-content/uploads/2023/03/B2C-Counseling-Tool-1.png]
[sevencollab.com/wp-content/uploads/2023/03/UK-NHS-Compliant-P2P-Telemedicine-Apps.png]
[sevencollab.com/wp-content/uploads/2023/03/Video-and-Audio-Chat-Monetization-Software.png]
[sevencollab.com/wp-content/uploads/2023/03/E-learning-Platform-for-Piano-Play.png]
[sevencollab.com/wp-content/uploads/2023/03/Pay-Per-Minute-Pay-per-Session-Mobile-Marketplace-for-Expertise.png]
[sevencollab.com/wp-content/uploads/2023/03/Chargeable-Video-Audio-P2P-Chat.png]
[sevencollab.com/wp-content/uploads/2023/03/Pay-Per-Session-Video-Chat-Monetization-Web-App.png]
[sevencollab.com/wp-content/uploads/2023/03/Pay-Per-min_video-Audio-Text-Chat-E-consulting-Mobile-App.png]
[sevencollab.com/wp-content/uploads/2023/03/PPM-Online-Web-App-for-Psychic-Industry.png]
[sevencollab.com/wp-content/uploads/2023/03/Coaching-Marketplace-and-Professional-Fintech-Social-Network.png]
[sevencollab.com/wp-content/uploads/2022/11/call-to-action-parallax-scroll.png]
[sevencollab.com/wp-content/uploads/2023/12/rewards/reward-1.png]
[sevencollab.com/wp-content/uploads/2024/06/reward-2.png]
[sevencollab.com/wp-content/uploads/2023/12/rewards/reward-3.png]
[sevencollab.com/wp-content/uploads/2023/12/rewards/reward-4.png]
[sevencollab.com/wp-content/uploads/2023/12/rewards/reward-5.png]
[sevencollab.com/wp-content/uploads/2023/12/rewards/reward-6.png]
[sevencollab.com/wp-content/uploads/2023/12/rewards/reward-7.png]
[sevencollab.com/wp-content/uploads/2023/12/rewards/reward-8.png]
[sevencollab.com/wp-content/uploads/2023/12/rewards/reward-9.png]
[sevencollab.com/wp-content/uploads/2023/12/rewards/reward-10.png]
[sevencollab.com/wp-content/uploads/2023/12/rewards/reward-11.png]
[sevencollab.com/wp-content/uploads/2023/12/rewards/reward-12.png]
[sevencollab.com/wp-content/uploads/2023/12/rewards/reward-13.png]
[sevencollab.com/wp-content/uploads/2023/12/rewards/reward-14.png]
[sevencollab.com/wp-content/uploads/2023/12/rewards/reward-15.png]
[sevencollab.com/wp-content/uploads/2023/12/rewards/reward-16.png]
[sevencollab.com/wp-content/uploads/wpcf7_captcha/4282078297.png]
[sevencollab.com/wp-content/uploads/wpcf7_captcha/545008459.png]
[sevencollab.com/wp-content/uploads/wpcf7_captcha/3290050384.png]
[sevencollab.com/wp-content/uploads/wpcf7_captcha/4293072880.png]
[sevencollab.com/wp-content/plugins/popup-builder/style/animatecbf4.css]
[sevencollab.com/wp-content/plugins/popup-builder/style/sgcolorbox/sgthemesee6c.css]
[sevencollab.com/wp-content/plugins/js_composer/assets/lib/bower/animate-css/animate.min5243.css]
[sevencollab.com/wp-content/themes/sparks-child/assets/css/blog-horizontal-listcbf4.css]
[sevencollab.com/wp-content/plugins/justified-gallery/includes/Lightbox/Swipebox/assets/css/swipebox.min3e0d.css]
[sevencollab.com/wp-content/plugins/contact-form-7/includes/js/scripts38c6.js]
[sevencollab.com/wp-content/plugins/cf7-repeatable-fields/assets/js/scripts.minc64e.js]
[sevencollab.com/wp-content/plugins/wp-datepicker/js/wpdp_auto_scriptf11b.js]
[sevencollab.com/wp-content/plugins/wpcf7-redirect/build/js/wpcf7r-fe4963.js]
[sevencollab.com/wp-content/themes/sparks-child/assets/js/ScrollMagicMincbf4.js]
[sevencollab.com/wp-content/themes/sparks-child/assets/js/easy-scrollcbf4.js]
[sevencollab.com/wp-content/themes/sparks-child/assets/js/case-stadiescbf4.js]
[sevencollab.com/wp-content/themes/sparks-child/assets/js/video.mincbf4.js]
[sevencollab.com/wp-includes/js/jquery/ui/widget.mine899.js]
[sevencollab.com/wp-includes/js/jquery/ui/tabs.mine899.js]
[sevencollab.com/wp-includes/js/jquery/ui/accordion.mine899.js]
[sevencollab.com/wp-includes/js/mediaelement/wp-mediaelement.mincbf4.js]
[sevencollab.com/wp-content/themes/sparks/assets/js/third-party.mincbf4.js]
[sevencollab.com/wp-content/plugins/js_composer/assets/lib/bower/isotope/dist/isotope.pkgd.min5243.js]
[sevencollab.com/wp-content/themes/sparks/assets/js/packery-mode.pkgd.mincbf4.js]
[sevencollab.com/wp-content/themes/sparks/assets/js/modules.mincbf4.js]
[sevencollab.com/wp-content/uploads/2021/06/macbook-laptop-frame-1.png]
[sevencollab.com/wp-content/themes/sparks-child/assets/js/blogcbf4.js]
[sevencollab.com/wp-content/themes/sparks-child/assets/js/main-customcbf4.js]
[sevencollab.com/wp-content/themes/sparks-child/assets/js/slider-arrowscbf4.js]
[sevencollab.com/wp-content/themes/sparks-child/assets/js/ppm-pagecbf4.js]
[sevencollab.com/wp-content/plugins/js_composer/assets/js/dist/js_composer_front.min5243.js]
[sevencollab.com/wp-content/themes/sparks/assets/js/like5152.js]
[sevencollab.com/wp-includes/js/jquery/ui/button.mine899.js]
[sevencollab.com/wp-includes/js/jquery/ui/spinner.mine899.js]
[sevencollab.com/wp-content/plugins/complianz-gdpr/assets/js/cookieconsent.minc9a9.js]
[sevencollab.com/wp-content/plugins/complianz-gdpr/assets/js/postscribe.minc9a9.js]
[sevencollab.com/wp-content/plugins/complianz-gdpr/assets/js/cookieconfig.minc9a9.js]
[sevencollab.com/wp-includes/js/wp-embed.mincbf4.js]
[sevencollab.com/wp-content/plugins/popup-builder/javascript/sg_resizeee6c.js]
[sevencollab.com/wp-content/plugins/popup-builder/javascript/sg_popup_frontendee6c.js]
[sevencollab.com/wp-content/plugins/popup-builder/javascript/sg_popup_initee6c.js]
[sevencollab.com/wp-content/plugins/popup-builder/javascript/jquery.sgcolorbox-minee6c.js]
[sevencollab.com/wp-content/plugins/js_composer/assets/lib/waypoints/waypoints.min5243.js]
[sevencollab.com/video-conferencing-apps-with-integrated-payments/index.html]
[www.googletagmanager.com/gtm5445.html]
[sevencollab.com/wp-content/themes/sparks-child/assets/css/technologies-pagecbf4.css]
[sevencollab.com/wp-content/themes/sparks-child/assets/css/software-prototype-pagecbf4.css]
[sevencollab.com/wp-content/themes/sparks-child/assets/css/cs-online-schoolcbf4.css]
[sevencollab.com/wp-content/themes/sparks-child/assets/css/custom-software-developmentcbf4.css]
[sevencollab.com/wp-content/themes/sparks-child/assets/css/web-app-developmentcbf4.css]
[sevencollab.com/wp-content/themes/sparks-child/assets/css/mobile-app-developmentcbf4.css]
[sevencollab.com/wp-content/plugins/LayerSlider/static/layerslider/css/layersliderf7b3.css]
[sevencollab.com/wp-content/plugins/contact-form-7/includes/css/styles38c6.css]
[sevencollab.com/wp-content/plugins/wp-carousel-free/public/css/ajax-loader.gif]
[sevencollab.com/wp-content/plugins/wp-carousel-free/public/css/slick.min3601.css]
[sevencollab.com/wp-content/plugins/wp-carousel-free/public/css/font-awesome.min3601.css]
[sevencollab.com/wp-content/plugins/wp-carousel-free/public/css/wp-carousel-free-public.min3601.css]
[sevencollab.com/wp-content/plugins/wp-datepicker/css/front-styles7517.css]
[sevencollab.com/wp-content/plugins/wp-datepicker/css/images/ui-bg_highlight-soft_75_cccccc_1x100.png]
[sevencollab.com/wp-content/plugins/wp-datepicker/css/images/ui-bg_glass_75_e6e6e6_1x400.png]
[sevencollab.com/wp-content/plugins/wp-datepicker/css/images/ui-bg_glass_75_dadada_1x400.png]
[sevencollab.com/wp-content/plugins/wp-datepicker/css/images/ui-bg_glass_65_ffffff_1x400.png]
[sevencollab.com/wp-content/plugins/wp-datepicker/css/images/ui-bg_glass_55_fbf9ee_1x400.png]
[sevencollab.com/wp-content/plugins/wp-datepicker/css/images/ui-bg_glass_95_fef1ec_1x400.png]
[sevencollab.com/wp-content/plugins/wp-datepicker/css/images/ui-icons_222222_256x240.png]
[sevencollab.com/wp-content/plugins/wp-datepicker/css/images/ui-icons_888888_256x240.c4.delayed]
[sevencollab.com/wp-content/plugins/wp-datepicker/css/images/ui-icons_454545_256x240.png]
[sevencollab.com/wp-content/plugins/wp-datepicker/css/images/ui-icons_2e83ff_256x240.png]
[sevencollab.com/wp-content/plugins/wp-datepicker/css/images/ui-icons_cd0a0a_256x240.png]
[sevencollab.com/wp-content/plugins/wp-datepicker/css/images/ui-bg_flat_0_aaaaaa_40x100.png]
[sevencollab.com/wp-content/plugins/wp-datepicker/css/jquery-uicbf4.css]
[sevencollab.com/wp-content/plugins/wpcf7-redirect/build/css/wpcf7-redirect-frontend.mincbf4.css]
[sevencollab.com/wp-content/uploads/2023/04/preload-pattern.png]
[sevencollab.com/wp-content/uploads/2024/04/header-background-min.png]
[sevencollab.com/wp-content/themes/sparks-child/assets/css/page-header-custom-sectionad05.css]
[sevencollab.com/wp-content/themes/sparks/stylecbf4.css]
[sevencollab.com/wp-content/themes/sparks-child/assets/fonts/icomoon1b16.eot]
[sevencollab.com/wp-content/themes/sparks-child/assets/fonts/icomoon1b16.ttf]
[sevencollab.com/wp-content/themes/sparks-child/assets/fonts/icomoon1b16.woff]
[sevencollab.com/wp-content/themes/sparks-child/assets/fonts/icomoon1b16.svg]
[sevencollab.com/wp-content/themes/sparks-child/assets/fonts/icocustom9103.eot]
[sevencollab.com/wp-content/themes/sparks-child/assets/fonts/icocustom9103.ttf]
[sevencollab.com/wp-content/themes/sparks-child/assets/fonts/icocustom9103.woff]
[sevencollab.com/wp-content/themes/sparks-child/assets/fonts/icocustom9103.svg]
[sevencollab.com/wp-content/themes/sparks-child/assets/fonts/icocustom1f7da.eot]
[sevencollab.com/wp-content/themes/sparks-child/assets/fonts/icocustom1f7da.ttf]
[sevencollab.com/wp-content/themes/sparks-child/assets/fonts/icocustom1f7da.woff]
[sevencollab.com/wp-content/themes/sparks-child/assets/fonts/icocustom1f7da.svg]
[sevencollab.com/wp-content/themes/sparks-child/assets/fonts/icocustom24a7c.eot]
[sevencollab.com/wp-content/themes/sparks-child/assets/fonts/icocustom24a7c.ttf]
[sevencollab.com/wp-content/themes/sparks-child/assets/fonts/icocustom24a7c.woff]
[sevencollab.com/wp-content/themes/sparks-child/assets/fonts/icocustom24a7c.svg]
[sevencollab.com/wp-content/themes/sparks-child/assets/fonts/iconportfolio9874.eot]
[sevencollab.com/wp-content/themes/sparks-child/assets/fonts/iconportfolio9874.ttf]
[sevencollab.com/wp-content/themes/sparks-child/assets/fonts/iconportfolio9874.woff]
[sevencollab.com/wp-content/themes/sparks-child/assets/fonts/iconportfolio9874.svg]
[sevencollab.com/wp-content/themes/sparks-child/assets/fonts/icocustom-24361.eot]
[sevencollab.com/wp-content/themes/sparks-child/assets/fonts/icocustom-24361.ttf]
[sevencollab.com/wp-content/themes/sparks-child/assets/fonts/icocustom-24361.woff]
[sevencollab.com/wp-content/themes/sparks-child/assets/fonts/icocustom-24361.svg]
[sevencollab.com/wp-content/themes/sparks-child/assets/fonts/icoportfolio-37c84.eot]
[sevencollab.com/wp-content/themes/sparks-child/assets/fonts/icoportfolio-37c84.ttf]
[sevencollab.com/wp-content/themes/sparks-child/assets/fonts/icoportfolio-37c84.woff]
[sevencollab.com/wp-content/themes/sparks-child/assets/fonts/icoportfolio-37c84.svg]
[sevencollab.com/wp-content/themes/sparks-child/assets/fonts/icoportfolio-4e051.eot]
[sevencollab.com/wp-content/themes/sparks-child/assets/fonts/icoportfolio-4e051.ttf]
[sevencollab.com/wp-content/themes/sparks-child/assets/fonts/icoportfolio-4e051.woff]
[sevencollab.com/wp-content/themes/sparks-child/assets/fonts/icoportfolio-4e051.svg]
[sevencollab.com/wp-content/themes/sparks-child/assets/fonts/icomoon-pp-182fe.eot]
[sevencollab.com/wp-content/themes/sparks-child/assets/fonts/icomoon-pp-182fe.ttf]
[sevencollab.com/wp-content/themes/sparks-child/assets/fonts/icomoon-pp-182fe.woff]
[sevencollab.com/wp-content/themes/sparks-child/assets/fonts/icomoon-pp-182fe.svg]
[sevencollab.com/wp-content/themes/sparks-child/assets/fonts/icomoon-pp-20308.eot]
[sevencollab.com/wp-content/themes/sparks-child/assets/fonts/icomoon-pp-20308.ttf]
[sevencollab.com/wp-content/themes/sparks-child/assets/fonts/icomoon-pp-20308.woff]
[sevencollab.com/wp-content/themes/sparks-child/assets/fonts/icomoon-pp-20308.svg]
[sevencollab.com/wp-content/themes/sparks-child/assets/fonts/icomoon-pp-34c90.eot]
[sevencollab.com/wp-content/themes/sparks-child/assets/fonts/icomoon-pp-34c90.ttf]
[sevencollab.com/wp-content/themes/sparks-child/assets/fonts/icomoon-pp-34c90.woff]
[sevencollab.com/wp-content/themes/sparks-child/assets/fonts/icomoon-pp-34c90.svg]
[sevencollab.com/wp-content/themes/sparks-child/assets/fonts/fonts/icomoon-pp-409cc.eot]
[sevencollab.com/wp-content/themes/sparks-child/assets/fonts/fonts/icomoon-pp-409cc.ttf]
[sevencollab.com/wp-content/themes/sparks-child/assets/fonts/fonts/icomoon-pp-409cc.woff]
[sevencollab.com/wp-content/themes/sparks-child/assets/fonts/fonts/icomoon-pp-409cc.svg]
[sevencollab.com/wp-content/themes/sparks-child/assets/fonts/icomoon-pp-62bb0.eot]
[sevencollab.com/wp-content/themes/sparks-child/assets/fonts/icomoon-pp-62bb0.ttf]
[sevencollab.com/wp-content/themes/sparks-child/assets/fonts/icomoon-pp-62bb0.woff]
[sevencollab.com/wp-content/themes/sparks-child/assets/fonts/icomoon-pp-62bb0.svg]
[sevencollab.com/wp-content/themes/sparks-child/assets/fonts/icoportfolio-55a16.eot]
[sevencollab.com/wp-content/themes/sparks-child/assets/fonts/icoportfolio-55a16.ttf]
[sevencollab.com/wp-content/themes/sparks-child/assets/fonts/icoportfolio-55a16.woff]
[sevencollab.com/wp-content/themes/sparks-child/assets/fonts/icoportfolio-55a16.svg]
[sevencollab.com/wp-content/themes/sparks-child/assets/fonts/icoportfolio-6d360.eot]
[sevencollab.com/wp-content/themes/sparks-child/assets/fonts/icoportfolio-6d360.ttf]
[sevencollab.com/wp-content/themes/sparks-child/assets/fonts/icoportfolio-6d360.woff]
[sevencollab.com/wp-content/themes/sparks-child/assets/fonts/icoportfolio-6d360.svg]
[sevencollab.com/wp-content/themes/sparks-child/assets/fonts/icocustomseven-70e4b.eot]
[sevencollab.com/wp-content/themes/sparks-child/assets/fonts/icocustomseven-70e4b.ttf]
[sevencollab.com/wp-content/themes/sparks-child/assets/fonts/icocustomseven-70e4b.woff]
[sevencollab.com/wp-content/themes/sparks-child/assets/fonts/icocustomseven-70e4b.svg]
[sevencollab.com/wp-content/themes/sparks-child/assets/fonts/icon-customseven-851b8.ttf]
[sevencollab.com/wp-content/themes/sparks-child/assets/fonts/icon-customseven-851b8.woff]
[sevencollab.com/wp-content/themes/sparks-child/assets/fonts/icon-customseven-851b8.svg]
[sevencollab.com/wp-content/themes/sparks-child/assets/fonts/icon-customseven2018-95c9c.ttf]
[sevencollab.com/wp-content/themes/sparks-child/assets/fonts/icon-customseven2018-95c9c.woff]
[sevencollab.com/wp-content/themes/sparks-child/assets/fonts/icon-customseven2018-95c9c.svg]
[sevencollab.com/wp-content/themes/sparks-child/assets/fonts/icomoon-m2gf40b.eot]
[sevencollab.com/wp-content/themes/sparks-child/assets/fonts/icomoon-m2gf40b.ttf]
[sevencollab.com/wp-content/themes/sparks-child/assets/fonts/icomoon-m2gf40b.woff]
[sevencollab.com/wp-content/themes/sparks-child/assets/fonts/icomoon-m2gf40b.svg]
[sevencollab.com/wp-content/themes/sparks-child/assets/fonts/icon-m2g-29d70.ttf]
[sevencollab.com/wp-content/themes/sparks-child/assets/fonts/icon-m2g-29d70.woff]
[sevencollab.com/wp-content/themes/sparks-child/assets/fonts/icon-m2g-29d70.svg]
[sevencollab.com/wp-content/themes/sparks-child/assets/fonts/icomoon-moxi3987.eot]
[sevencollab.com/wp-content/themes/sparks-child/assets/fonts/icomoon-moxi3987.ttf]
[sevencollab.com/wp-content/themes/sparks-child/assets/fonts/icomoon-moxi3987.woff]
[sevencollab.com/wp-content/themes/sparks-child/assets/fonts/icomoon-moxi3987.svg]
[sevencollab.com/wp-content/themes/sparks-child/assets/fonts/icomoon-moxi2554e.eot]
[sevencollab.com/wp-content/themes/sparks-child/assets/fonts/icomoon-moxi2554e.ttf]
[sevencollab.com/wp-content/themes/sparks-child/assets/fonts/icomoon-moxi2554e.woff]
[sevencollab.com/wp-content/themes/sparks-child/assets/fonts/icomoon-moxi2554e.svg]
[sevencollab.com/wp-content/themes/sparks-child/assets/fonts/icoportfolio-788d7.eot]
[sevencollab.com/wp-content/themes/sparks-child/assets/fonts/icoportfolio-788d7.ttf]
[sevencollab.com/wp-content/themes/sparks-child/assets/fonts/icoportfolio-788d7.woff]
[sevencollab.com/wp-content/themes/sparks-child/assets/fonts/icoportfolio-788d7.svg]
[sevencollab.com/wp-content/themes/sparks-child/assets/fonts/icobenefits0ef6.eot]
[sevencollab.com/wp-content/themes/sparks-child/assets/fonts/icobenefits0ef6.ttf]
[sevencollab.com/wp-content/themes/sparks-child/assets/fonts/icobenefits0ef6.woff]
[sevencollab.com/wp-content/themes/sparks-child/assets/fonts/icobenefits0ef6.svg]
[sevencollab.com/wp-content/themes/sparks-child/assets/fonts/icoautismc94a.eot]
[sevencollab.com/wp-content/themes/sparks-child/assets/fonts/icoautismc94a.ttf]
[sevencollab.com/wp-content/themes/sparks-child/assets/fonts/icoautismc94a.woff]
[sevencollab.com/wp-content/themes/sparks-child/assets/fonts/icoautismc94a.svg]
[sevencollab.com/wp-content/themes/sparks-child/assets/fonts/icoautism-compatible4d4e.eot]
[sevencollab.com/wp-content/themes/sparks-child/assets/fonts/icoautism-compatible4d4e.ttf]
[sevencollab.com/wp-content/themes/sparks-child/assets/fonts/icoautism-compatible4d4e.woff]
[sevencollab.com/wp-content/themes/sparks-child/assets/fonts/icoautism-compatible4d4e.svg]
[sevencollab.com/wp-content/themes/sparks-child/assets/fonts/icogivegrin64d4.eot]
[sevencollab.com/wp-content/themes/sparks-child/assets/fonts/icogivegrin64d4.ttf]
[sevencollab.com/wp-content/themes/sparks-child/assets/fonts/icogivegrin64d4.woff]
[sevencollab.com/wp-content/themes/sparks-child/assets/fonts/icogivegrin64d4.svg]
[sevencollab.com/wp-content/themes/sparks-child/assets/fonts/pro-web-app-dev-icons5b08.eot]
[sevencollab.com/wp-content/themes/sparks-child/assets/fonts/pro-web-app-dev-icons5b08.ttf]
[sevencollab.com/wp-content/themes/sparks-child/assets/fonts/pro-web-app-dev-icons5b08.woff]
[sevencollab.com/wp-content/themes/sparks-child/assets/fonts/pro-web-app-dev-icons5b08.svg]
[sevencollab.com/wp-content/themes/sparks-child/assets/fonts/icoaseda0fc5.eot]
[sevencollab.com/wp-content/themes/sparks-child/assets/fonts/icoaseda0fc5.ttf]
[sevencollab.com/wp-content/themes/sparks-child/assets/fonts/icoaseda0fc5.woff]
[sevencollab.com/wp-content/themes/sparks-child/assets/fonts/icoaseda0fc5.svg]
[sevencollab.com/wp-content/themes/sparks-child/assets/fonts/icohealthcare20ae.eot]
[sevencollab.com/wp-content/themes/sparks-child/assets/fonts/icohealthcare20ae.ttf]
[sevencollab.com/wp-content/themes/sparks-child/assets/fonts/icohealthcare20ae.woff]
[sevencollab.com/wp-content/themes/sparks-child/assets/fonts/icohealthcare20ae.svg]
[sevencollab.com/wp-content/themes/sparks-child/assets/fonts/icomoon-technology0908.eot]
[sevencollab.com/wp-content/themes/sparks-child/assets/fonts/icomoon-technology0908.ttf]
[sevencollab.com/wp-content/themes/sparks-child/assets/fonts/icomoon-technology0908.woff]
[sevencollab.com/wp-content/themes/sparks-child/assets/fonts/icomoon-technology0908.svg]
[sevencollab.com/wp-content/themes/sparks-child/assets/fonts/icomoon-ppm1731.eot]
[sevencollab.com/wp-content/themes/sparks-child/assets/fonts/icomoon-ppm1731.ttf]
[sevencollab.com/wp-content/themes/sparks-child/assets/fonts/icomoon-ppm1731.woff]
[sevencollab.com/wp-content/themes/sparks-child/assets/fonts/icomoon-ppm1731.svg]
[sevencollab.com/wp-content/themes/sparks-child/assets/fonts/icomoon-new1594.eot]
[sevencollab.com/wp-content/themes/sparks-child/assets/fonts/icomoon-new1594.ttf]
[sevencollab.com/wp-content/themes/sparks-child/assets/fonts/icomoon-new1594.woff]
[sevencollab.com/wp-content/themes/sparks-child/assets/fonts/icomoon-new1594.svg]
[sevencollab.com/wp-content/themes/sparks-child/assets/fonts/fonts/fontello941a.eot]
[sevencollab.com/wp-content/themes/sparks-child/assets/fonts/fonts/fontello941a.woff]
[sevencollab.com/wp-content/themes/sparks-child/assets/fonts/fonts/fontello941a.ttf]
[sevencollab.com/wp-content/themes/sparks-child/assets/fonts/fonts/fontello941a.svg]
[sevencollab.com/wp-content/themes/sparks-child/assets/fonts/fontellof6a3.eot]
[sevencollab.com/wp-content/themes/sparks-child/assets/fonts/fontellof6a3.woff2]
[sevencollab.com/wp-content/themes/sparks-child/assets/fonts/fontellof6a3.woff]
[sevencollab.com/wp-content/themes/sparks-child/assets/fonts/fontellof6a3.ttf]
[sevencollab.com/wp-content/themes/sparks-child/assets/fonts/fontellof6a3.svg]
[sevencollab.com/wp-content/themes/sparks-child/assets/fonts/icomoon-page-2347b.eot]
[sevencollab.com/wp-content/themes/sparks-child/assets/fonts/icomoon-page-2347b.ttf]
[sevencollab.com/wp-content/themes/sparks-child/assets/fonts/icomoon-page-2347b.woff]
[sevencollab.com/wp-content/themes/sparks-child/assets/fonts/icomoon-page-2347b.svg]
[sevencollab.com/wp-content/themes/sparks-child/assets/fonts/icomoon-page-3f273.eot]
[sevencollab.com/wp-content/themes/sparks-child/assets/fonts/icomoon-page-3f273.ttf]
[sevencollab.com/wp-content/themes/sparks-child/assets/fonts/icomoon-page-3f273.woff]
[sevencollab.com/wp-content/themes/sparks-child/assets/fonts/icomoon-page-3f273.svg]
[sevencollab.com/wp-content/themes/sparks-child/assets/fonts/icomoon-page-3-1b247.eot]
[sevencollab.com/wp-content/themes/sparks-child/assets/fonts/icomoon-page-3-1b247.ttf]
[sevencollab.com/wp-content/themes/sparks-child/assets/fonts/icomoon-page-3-1b247.woff]
[sevencollab.com/wp-content/themes/sparks-child/assets/fonts/icomoon-page-3-1b247.svg]
[sevencollab.com/wp-content/themes/sparks-child/assets/fonts/icomoon-page-44-1100c.eot]
[sevencollab.com/wp-content/themes/sparks-child/assets/fonts/icomoon-page-44-1100c.ttf]
[sevencollab.com/wp-content/themes/sparks-child/assets/fonts/icomoon-page-44-1100c.woff]
[sevencollab.com/wp-content/themes/sparks-child/assets/fonts/icomoon-page-44-1100c.svg]
[sevencollab.com/wp-content/themes/sparks-child/assets/fonts/icomoon-page-5-6ffe.eot]
[sevencollab.com/wp-content/themes/sparks-child/assets/fonts/icomoon-page-5-6ffe.ttf]
[sevencollab.com/wp-content/themes/sparks-child/assets/fonts/icomoon-page-5-6ffe.woff]
[sevencollab.com/wp-content/themes/sparks-child/assets/fonts/icomoon-page-5-6ffe.svg]
[sevencollab.com/wp-content/themes/sparks-child/assets/fonts/icomoon-page-788c8.eot]
[sevencollab.com/wp-content/themes/sparks-child/assets/fonts/icomoon-page-788c8.ttf]
[sevencollab.com/wp-content/themes/sparks-child/assets/fonts/icomoon-page-788c8.woff]
[sevencollab.com/wp-content/themes/sparks-child/assets/fonts/icomoon-page-788c8.svg]
[sevencollab.com/wp-content/themes/sparks-child/assets/fonts/icons-2023/icomoon-2023f3e4.eot]
[sevencollab.com/wp-content/themes/sparks-child/assets/fonts/icons-2023/icomoon-2023f3e4.ttf]
[sevencollab.com/wp-content/themes/sparks-child/assets/fonts/icons-2023/icomoon-2023f3e4.woff]
[sevencollab.com/wp-content/themes/sparks-child/assets/fonts/icons-2023/icomoon-2023f3e4.svg]
[sevencollab.com/wp-content/themes/sparks-child/assets/fonts/next-btn/icomoon-2023-btn2876.eot]
[sevencollab.com/wp-content/themes/sparks-child/assets/fonts/next-btn/icomoon-2023-btn2876.ttf]
[sevencollab.com/wp-content/themes/sparks-child/assets/fonts/next-btn/icomoon-2023-btn2876.woff]
[sevencollab.com/wp-content/themes/sparks-child/assets/fonts/next-btn/icomoon-2023-btn2876.svg]
[sevencollab.com/wp-content/themes/sparks-child/assets/fonts/icons-dev-2023/icomoon-dev-20237646.eot]
[sevencollab.com/wp-content/themes/sparks-child/assets/fonts/icons-dev-2023/icomoon-dev-20237646.ttf]
[sevencollab.com/wp-content/themes/sparks-child/assets/fonts/icons-dev-2023/icomoon-dev-20237646.woff]
[sevencollab.com/wp-content/themes/sparks-child/assets/fonts/icons-dev-2023/icomoon-dev-20237646.svg]
[sevencollab.com/wp-content/themes/sparks-child/assets/fonts/socials-2023/icomoon-socials-202310c0.eot]
[sevencollab.com/wp-content/themes/sparks-child/assets/fonts/socials-2023/icomoon-socials-202310c0.ttf]
[sevencollab.com/wp-content/themes/sparks-child/assets/fonts/socials-2023/icomoon-socials-202310c0.woff]
[sevencollab.com/wp-content/themes/sparks-child/assets/fonts/socials-2023/icomoon-socials-202310c0.svg]
[sevencollab.com/wp-content/themes/sparks-child/assets/fonts/homepage-2023/icomoon-homepage-2023d20f.eot]
[sevencollab.com/wp-content/themes/sparks-child/assets/fonts/homepage-2023/icomoon-homepage-2023d20f.ttf]
[sevencollab.com/wp-content/themes/sparks-child/assets/fonts/homepage-2023/icomoon-homepage-2023d20f.woff]
[sevencollab.com/wp-content/themes/sparks-child/assets/fonts/homepage-2023/icomoon-homepage-2023d20f.svg]
[sevencollab.com/wp-content/themes/sparks-child/assets/fonts/icomoon-oneicon-2023/icomoon-oneicon-202352b2.eot]
[sevencollab.com/wp-content/themes/sparks-child/assets/fonts/icomoon-oneicon-2023/icomoon-oneicon-202352b2.ttf]
[sevencollab.com/wp-content/themes/sparks-child/assets/fonts/icomoon-oneicon-2023/icomoon-oneicon-202352b2.woff]
[sevencollab.com/wp-content/themes/sparks-child/assets/fonts/custom_iconcbf4.css]
[sevencollab.com/wp-content/themes/sparks-child/assets/css/preloadercbf4.css]
[sevencollab.com/wp-content/themes/sparks-child/assets/fonts/icomoon-oneicon-2023/icomoon-oneicon-202352b2.svg]
[sevencollab.com/wp-content/themes/sparks/assets/css/img/pixel-video.png]
[sevencollab.com/wp-content/themes/sparks/assets/css/img/close.png]
[sevencollab.com/wp-content/themes/sparks/assets/css/modules.mincbf4.css]
[sevencollab.com/wp-content/themes/sparks/assets/img/preload-pattern.png]
[sevencollab.com/wp-content/themes/sparks/assets/css/style_dynamicbeb3.css]
[sevencollab.com/wp-content/themes/sparks/assets/css/blog.mincbf4.css]
[sevencollab.com/wp-content/themes/sparks-child/assets/images/check.png]
[sevencollab.com/wp-content/uploads/2017/11/imgpsh_fullsize.png]
[sevencollab.com/wp-content/themes/sparks-child/assets/images/fullcycle1.jpg]
[sevencollab.com/wp-content/themes/sparks-child/assets/images/our-approach1.jpg]
[sevencollab.com/wp-content/themes/sparks-child/assets/images/imgpsh_fullsize1.png]
[sevencollab.com/wp-content/themes/sparks-child/assets/images/blue-block.jpg]
[sevencollab.com/wp-content/themes/sparks-child/assets/images/close-image.png]
[sevencollab.com/wp-content/themes/sparks-child/assets/images/cal.png]
[sevencollab.com/wp-content/themes/sparks-child/assets/images/cal-clock.png]
[sevencollab.com/wp-content/themes/sparks-child/stylecbf4.css]
[sevencollab.com/wp-content/themes/sparks-child/assets/css/custom-stylescbf4.css]
[sevencollab.com/wp-content/themes/sparks-child/assets/css/content-slidercbf4.css]
[sevencollab.com/wp-content/themes/sparks-child/assets/css/careers-post-typecbf4.css]
[sevencollab.com/wp-content/themes/sparks-child/assets/css/blog-stylescbf4.css]
[sevencollab.com/wp-content/themes/sparks-child/assets/css/ppm-pagecbf4.css]
[sevencollab.com/wp-content/themes/sparks-child/assets/css/pages-2022cbf4.css]
[sevencollab.com/wp-content/themes/sparks-child/assets/css/frame-phone-12cbf4.css]
[sevencollab.com/wp-content/themes/sparks-child/assets/css/case-studycbf4.css]
[sevencollab.com/wp-content/themes/sparks-child/assets/css/case-studies-slidercbf4.css]
[sevencollab.com/wp-content/themes/sparks-child/assets/css/contact-formscbf4.css]
[sevencollab.com/wp-content/themes/sparks-child/assets/css/pages-2023cbf4.css]
[sevencollab.com/wp-content/themes/sparks-child/assets/css/top-menucbf4.css]
[sevencollab.com/wp-content/themes/sparks-child/assets/css/two-colors-sectioncbf4.css]
[sevencollab.com/wp-content/themes/sparks-child/assets/css/open-to-receivingcbf4.css]
[sevencollab.com/wp-content/themes/sparks-child/assets/css/key-activities-deliverablescbf4.css]
[sevencollab.com/wp-content/themes/sparks-child/assets/css/service-packagescbf4.css]
[sevencollab.com/wp-content/themes/sparks-child/assets/css/dark-icons-linecbf4.css]
[sevencollab.com/wp-content/themes/sparks-child/assets/css/dark-price-blockcbf4.css]
[sevencollab.com/wp-content/themes/sparks-child/assets/css/section-icon-slider-listcbf4.css]
[sevencollab.com/wp-content/themes/sparks-child/assets/css/removed-animationcbf4.css]
[sevencollab.com/wp-content/themes/sparks-child/assets/css/paginationcbf4.css]
[sevencollab.com/wp-content/themes/sparks-child/assets/css/smart-slider-arrowscbf4.css]
[sevencollab.com/wp-content/uploads/2023/05/union.png]
[sevencollab.com/wp-content/themes/sparks-child/assets/css/four-col-timeline-listcbf4.css]
[sevencollab.com/wp-content/themes/sparks-child/assets/css/full-wight-two-columnscbf4.css]
[sevencollab.com/wp-content/themes/sparks-child/assets/css/footerde54.css]
[sevencollab.com/wp-content/themes/sparks-child/assets/css/get-free-quote4963.css]
[sevencollab.com/wp-content/themes/sparks-child/assets/css/case-study-static-section4963.css]
[sevencollab.com/wp-content/themes/sparks-child/assets/css/healthcare-specialization5152.css]
[sevencollab.com/wp-content/themes/sparks-child/assets/css/video-js4963.css]
[sevencollab.com/wp-content/themes/sparks-child/assets/img/example_bg_v.png]
[sevencollab.com/wp-content/themes/sparks-child/assets/img/example_bg_h.png]
[sevencollab.com/wp-content/themes/sparks-child/assets/img/example_bg_spacer_v.gif]
[sevencollab.com/wp-content/themes/sparks-child/assets/img/example_bg_spacer_h.gif]
[sevencollab.com/wp-content/themes/sparks-child/assets/img/example_parallax_l1.gif]
[sevencollab.com/wp-content/themes/sparks-child/assets/img/example_parallax_l2.png]
[sevencollab.com/wp-content/themes/sparks-child/assets/img/example_parallax_l3.gif]
[sevencollab.com/wp-content/themes/sparks-child/assets/css/ScrollMagicMincbf4.css]
[sevencollab.com/wp-content/themes/sparks/assets/css/img/owl.video.play.png]
[sevencollab.com/wp-content/themes/sparks/assets/css/plugins.mincbf4.css]
[sevencollab.com/wp-content/themes/sparks/assets/css/font-awesome/css/font-awesome.mincbf4.css]
[sevencollab.com/wp-content/themes/sparks/assets/css/elegant-icons/fonts/ElegantIcons.eot]
[sevencollab.com/wp-content/themes/sparks/assets/css/elegant-icons/fonts/ElegantIconsd41d.eot]
[sevencollab.com/wp-content/themes/sparks/assets/css/elegant-icons/fonts/ElegantIcons.woff]
[sevencollab.com/wp-content/themes/sparks/assets/css/elegant-icons/fonts/ElegantIcons.ttf]
[sevencollab.com/wp-content/themes/sparks/assets/css/elegant-icons/style.mincbf4.css]
[sevencollab.com/wp-content/themes/sparks/assets/css/ion-icons/css/ionicons.mincbf4.css]
[sevencollab.com/wp-content/themes/sparks/assets/css/elegant-icons/fonts/ElegantIcons.svg]
[sevencollab.com/wp-content/themes/sparks/assets/css/linea-icons/arrows/fonts/linea-arrows-10.eot]
[sevencollab.com/wp-content/themes/sparks/assets/css/linea-icons/arrows/fonts/linea-arrows-10d41d.eot]
[sevencollab.com/wp-content/themes/sparks/assets/css/linea-icons/arrows/fonts/linea-arrows-10.woff]
[sevencollab.com/wp-content/themes/sparks/assets/css/linea-icons/arrows/fonts/linea-arrows-10.ttf]
[sevencollab.com/wp-content/themes/sparks/assets/css/linea-icons/arrows/fonts/linea-arrows-10.svg]
[sevencollab.com/wp-content/themes/sparks/assets/css/linea-icons/basic/fonts/linea-basic-10.eot]
[sevencollab.com/wp-content/themes/sparks/assets/css/linea-icons/basic/fonts/linea-basic-10d41d.eot]
[sevencollab.com/wp-content/themes/sparks/assets/css/linea-icons/basic/fonts/linea-basic-10.woff]
[sevencollab.com/wp-content/themes/sparks/assets/css/linea-icons/basic/fonts/linea-basic-10.ttf]
[sevencollab.com/wp-content/themes/sparks/assets/css/linea-icons/basic/fonts/linea-basic-10.svg]
[sevencollab.com/wp-content/themes/sparks/assets/css/linea-icons/basic-elaboration/fonts/linea-basic-elaboration-10.eot]
[sevencollab.com/wp-content/themes/sparks/assets/css/linea-icons/basic-elaboration/fonts/linea-basic-elaboration-10d41d.eot]
[sevencollab.com/wp-content/themes/sparks/assets/css/linea-icons/basic-elaboration/fonts/linea-basic-elaboration-10.woff]
[sevencollab.com/wp-content/themes/sparks/assets/css/linea-icons/basic-elaboration/fonts/linea-basic-elaboration-10.ttf]
[sevencollab.com/wp-content/themes/sparks/assets/css/linea-icons/basic-elaboration/fonts/linea-basic-elaboration-10.svg]
[sevencollab.com/wp-content/themes/sparks/assets/css/linea-icons/ecommerce/fonts/linea-ecommerce-10.eot]
[sevencollab.com/wp-content/themes/sparks/assets/css/linea-icons/ecommerce/fonts/linea-ecommerce-10d41d.eot]
[sevencollab.com/wp-content/themes/sparks/assets/css/linea-icons/ecommerce/fonts/linea-ecommerce-10.woff]
[sevencollab.com/wp-content/themes/sparks/assets/css/linea-icons/ecommerce/fonts/linea-ecommerce-10.ttf]
[sevencollab.com/wp-content/themes/sparks/assets/css/linea-icons/ecommerce/fonts/linea-ecommerce-10.svg]
[sevencollab.com/wp-content/themes/sparks/assets/css/linea-icons/music/fonts/linea-music-10.eot]
[sevencollab.com/wp-content/themes/sparks/assets/css/linea-icons/music/fonts/linea-music-10d41d.eot]
[sevencollab.com/wp-content/themes/sparks/assets/css/linea-icons/music/fonts/linea-music-10.woff]
[sevencollab.com/wp-content/themes/sparks/assets/css/linea-icons/music/fonts/linea-music-10.ttf]
[sevencollab.com/wp-content/themes/sparks/assets/css/linea-icons/music/fonts/linea-music-10.svg]
[sevencollab.com/wp-content/themes/sparks/assets/css/linea-icons/software/fonts/linea-software-10.eot]
[sevencollab.com/wp-content/themes/sparks/assets/css/linea-icons/software/fonts/linea-software-10d41d.eot]
[sevencollab.com/wp-content/themes/sparks/assets/css/linea-icons/software/fonts/linea-software-10.woff]
[sevencollab.com/wp-content/themes/sparks/assets/css/linea-icons/software/fonts/linea-software-10.ttf]
[sevencollab.com/wp-content/themes/sparks/assets/css/linea-icons/software/fonts/linea-software-10.svg]
[sevencollab.com/wp-content/themes/sparks/assets/css/linea-icons/weather/fonts/linea-weather-10.eot]
[sevencollab.com/wp-content/themes/sparks/assets/css/linea-icons/weather/fonts/linea-weather-10d41d.eot]
[sevencollab.com/wp-content/themes/sparks/assets/css/linea-icons/weather/fonts/linea-weather-10.woff]
[sevencollab.com/wp-content/themes/sparks/assets/css/linea-icons/weather/fonts/linea-weather-10.ttf]
[sevencollab.com/wp-content/themes/sparks/assets/css/linea-icons/stylecbf4.css]
[sevencollab.com/wp-content/themes/sparks/assets/css/linea-icons/weather/fonts/linea-weather-10.svg]
[sevencollab.com/wp-content/themes/sparks/assets/css/simple-line-icons/fonts/Simple-Line-Icons4c82.eot]
[sevencollab.com/wp-content/themes/sparks/assets/css/simple-line-icons/fonts/Simple-Line-Iconsd41d.eot]
[sevencollab.com/wp-content/themes/sparks/assets/css/simple-line-icons/fonts/Simple-Line-Icons4c82.ttf]
[sevencollab.com/wp-content/themes/sparks/assets/css/simple-line-icons/fonts/Simple-Line-Icons4c82.woff2]
[sevencollab.com/wp-content/themes/sparks/assets/css/simple-line-icons/fonts/Simple-Line-Icons4c82.woff]
[sevencollab.com/wp-content/themes/sparks/assets/css/simple-line-icons/simple-line-iconscbf4.css]
[sevencollab.com/wp-content/themes/sparks/assets/css/simple-line-icons/fonts/Simple-Line-Icons4c82.svg]
[sevencollab.com/wp-content/themes/sparks/assets/css/dripicons/fonts/dripicons.eot]
[sevencollab.com/wp-content/themes/sparks/assets/css/dripicons/fonts/dripiconsd41d.eot]
[sevencollab.com/wp-content/themes/sparks/assets/css/dripicons/fonts/dripicons.ttf]
[sevencollab.com/wp-content/themes/sparks/assets/css/dripicons/fonts/dripicons.svg]
[sevencollab.com/wp-content/themes/sparks/assets/css/dripicons/fonts/dripicons.woff]
[sevencollab.com/wp-content/themes/sparks/assets/css/dripicons/dripiconscbf4.css]
[sevencollab.com/wp-content/themes/sparks/assets/css/linear-icons/fonts/Linearicons-Free54e9.eot]
[sevencollab.com/wp-content/themes/sparks/assets/css/linear-icons/fonts/Linearicons-Freed41d.eot]
[sevencollab.com/wp-content/themes/sparks/assets/css/linear-icons/fonts/Linearicons-Free54e9.woff2]
[sevencollab.com/wp-content/themes/sparks/assets/css/linear-icons/fonts/Linearicons-Free54e9.woff]
[sevencollab.com/wp-content/themes/sparks/assets/css/linear-icons/fonts/Linearicons-Free54e9.ttf]
[sevencollab.com/wp-content/themes/sparks/assets/css/linear-icons/stylecbf4.css]
[sevencollab.com/wp-content/themes/sparks/assets/css/linear-icons/fonts/Linearicons-Free54e9.svg]
[sevencollab.com/wp-includes/js/mediaelement/mediaelementplayer-legacy.min45a0.css]
[sevencollab.com/wp-includes/js/mediaelement/wp-mediaelement.mincbf4.css]
[sevencollab.com/wp-content/themes/sparks/assets/css/modules-responsive.mincbf4.css]
[sevencollab.com/wp-content/themes/sparks/assets/css/blog-responsive.mincbf4.css]
[sevencollab.com/wp-content/themes/sparks/assets/css/style_dynamic_responsive6188.css]
[sevencollab.com/wp-includes/js/mediaelement/mejs-controls.svg]
[sevencollab.com/wp-content/plugins/js_composer/assets/vc/alert.png]
[sevencollab.com/wp-content/plugins/js_composer/assets/vc/info.png]
[sevencollab.com/wp-content/plugins/js_composer/assets/vc/tick.png]
[sevencollab.com/wp-content/plugins/js_composer/assets/vc/exclamation.png]
[sevencollab.com/wp-content/plugins/js_composer/assets/images/icons/address-book.png]
[sevencollab.com/wp-content/plugins/js_composer/assets/images/icons/alarm-clock.png]
[sevencollab.com/wp-content/plugins/js_composer/assets/images/icons/anchor.png]
[sevencollab.com/wp-content/plugins/js_composer/assets/images/icons/application-image.png]
[sevencollab.com/wp-content/plugins/js_composer/assets/images/icons/arrow.png]
[sevencollab.com/wp-content/plugins/js_composer/assets/images/icons/asterisk.png]
[sevencollab.com/wp-content/plugins/js_composer/assets/images/icons/auction-hammer.png]
[sevencollab.com/wp-content/plugins/js_composer/assets/images/icons/balloon.png]
[sevencollab.com/wp-content/plugins/js_composer/assets/images/icons/balloon-buzz.png]
[sevencollab.com/wp-content/plugins/js_composer/assets/images/icons/balloon-facebook.png]
[sevencollab.com/wp-content/plugins/js_composer/assets/images/icons/balloon-twitter.png]
[sevencollab.com/wp-content/plugins/js_composer/assets/images/icons/battery-full.png]
[sevencollab.com/wp-content/plugins/js_composer/assets/images/icons/binocular.png]
[sevencollab.com/wp-content/plugins/js_composer/assets/images/icons/blue-document-excel.png]
[sevencollab.com/wp-content/plugins/js_composer/assets/images/icons/blue-document-image.png]
[sevencollab.com/wp-content/plugins/js_composer/assets/images/icons/blue-document-music.png]
[sevencollab.com/wp-content/plugins/js_composer/assets/images/icons/blue-document-office.png]
[sevencollab.com/wp-content/plugins/js_composer/assets/images/icons/blue-document-pdf.png]
[sevencollab.com/wp-content/plugins/js_composer/assets/images/icons/blue-document-powerpoint.png]
[sevencollab.com/wp-content/plugins/js_composer/assets/images/icons/blue-document-word.png]
[sevencollab.com/wp-content/plugins/js_composer/assets/images/icons/bookmark.png]
[sevencollab.com/wp-content/plugins/js_composer/assets/images/icons/camcorder.png]
[sevencollab.com/wp-content/plugins/js_composer/assets/images/icons/camera.png]
[sevencollab.com/wp-content/plugins/js_composer/assets/images/icons/chart.png]
[sevencollab.com/wp-content/plugins/js_composer/assets/images/icons/chart-pie.png]
[sevencollab.com/wp-content/plugins/js_composer/assets/images/icons/clock.png]
[sevencollab.com/wp-content/plugins/js_composer/assets/images/icons/control.png]
[sevencollab.com/wp-content/plugins/js_composer/assets/images/icons/fire.png]
[sevencollab.com/wp-content/plugins/js_composer/assets/images/icons/heart.png]
[sevencollab.com/wp-content/plugins/js_composer/assets/images/icons/mail.png]
[sevencollab.com/wp-content/plugins/js_composer/assets/images/icons/plus-shield.png]
[sevencollab.com/wp-content/plugins/js_composer/assets/images/icons/video.png]
[sevencollab.com/wp-content/plugins/js_composer/assets/images/toggle_open.png]
[sevencollab.com/wp-content/plugins/js_composer/assets/images/toggle_close.png]
[sevencollab.com/wp-content/plugins/js_composer/assets/images/flickr.png]
[sevencollab.com/wp-content/plugins/js_composer/assets/images/spinner.gif]
[sevencollab.com/wp-content/plugins/js_composer/assets/vc/remove.png]
[sevencollab.com/wp-content/plugins/js_composer/assets/css/js_composer.min5243.css]
[sevencollab.com/wp-content/plugins/tablepress/css/tablepress.eot]
[sevencollab.com/wp-content/plugins/tablepress/css/default.min3aa8.css]
[sevencollab.com/wp-content/plugins/tablepress/css/tablepressd41d.eot]
[sevencollab.com/wp-content/plugins/contact-form-7/includes/js/jquery-ui/themes/smoothness/images/ui-bg_flat_75_ffffff_40x100.png]
[sevencollab.com/wp-content/plugins/contact-form-7/includes/js/jquery-ui/themes/smoothness/images/ui-bg_highlight-soft_75_cccccc_1x100.png]
[sevencollab.com/wp-content/plugins/contact-form-7/includes/js/jquery-ui/themes/smoothness/images/ui-bg_glass_75_e6e6e6_1x400.png]
[sevencollab.com/wp-content/plugins/contact-form-7/includes/js/jquery-ui/themes/smoothness/images/ui-bg_glass_75_dadada_1x400.png]
[sevencollab.com/wp-content/plugins/contact-form-7/includes/js/jquery-ui/themes/smoothness/images/ui-bg_glass_65_ffffff_1x400.png]
[sevencollab.com/wp-content/plugins/contact-form-7/includes/js/jquery-ui/themes/smoothness/images/ui-bg_glass_55_fbf9ee_1x400.png]
[sevencollab.com/wp-content/plugins/contact-form-7/includes/js/jquery-ui/themes/smoothness/images/ui-bg_glass_95_fef1ec_1x400.png]
[sevencollab.com/wp-content/plugins/contact-form-7/includes/js/jquery-ui/themes/smoothness/images/ui-icons_222222_256x240.png]
[sevencollab.com/wp-content/plugins/contact-form-7/includes/js/jquery-ui/themes/smoothness/images/ui-icons_888888_256x240.png]
[sevencollab.com/wp-content/plugins/contact-form-7/includes/js/jquery-ui/themes/smoothness/images/ui-icons_454545_256x240.png]
[sevencollab.com/wp-content/plugins/contact-form-7/includes/js/jquery-ui/themes/smoothness/images/ui-icons_2e83ff_256x240.png]
[sevencollab.com/wp-content/plugins/contact-form-7/includes/js/jquery-ui/themes/smoothness/images/ui-icons_cd0a0a_256x240.png]
[sevencollab.com/wp-content/plugins/contact-form-7/includes/js/jquery-ui/themes/smoothness/images/ui-bg_flat_0_aaaaaa_40x100.png]
[sevencollab.com/wp-content/plugins/contact-form-7/includes/js/jquery-ui/themes/smoothness/jquery-ui.mine899.css]
[sevencollab.com/wp-content/plugins/complianz-gdpr/assets/css/cookieconsent.minc9a9.css]
[sevencollab.com/wp-content/plugins/nextend-smart-slider3-pro/Public/SmartSlider3/Application/Frontend/Assets/dist/smartslider.minceac.css]
[sevencollab.com/wp-content/plugins/popup-builder/style/animatecbf4.css]
[sevencollab.com/wp-content/plugins/popup-builder/img/colorbox1/overlay.png]
[sevencollab.com/wp-content/plugins/popup-builder/img/colorbox1/controls.png]
[sevencollab.com/wp-content/plugins/popup-builder/img/colorbox1/border.png]
[sevencollab.com/wp-content/plugins/popup-builder/img/colorbox1/loading_background.png]
[sevencollab.com/wp-content/plugins/popup-builder/img/colorbox1/loading.gif]
[sevencollab.com/wp-content/plugins/popup-builder/img/colorbox2/loading.gif]
[sevencollab.com/wp-content/plugins/popup-builder/img/colorbox2/controls.png]
[sevencollab.com/wp-content/plugins/popup-builder/img/colorbox3/loading.gif]
[sevencollab.com/wp-content/plugins/popup-builder/img/colorbox3/controls.png]
[sevencollab.com/wp-content/plugins/popup-builder/img/colorbox4/border1.png]
[sevencollab.com/wp-content/plugins/popup-builder/img/colorbox4/border2.png]
[sevencollab.com/wp-content/plugins/popup-builder/img/colorbox4/loading.gif]
[sevencollab.com/wp-content/plugins/popup-builder/img/colorbox5/controls.png]
[sevencollab.com/wp-content/plugins/popup-builder/img/colorbox5/border.png]
[sevencollab.com/wp-content/plugins/popup-builder/img/colorbox5/loading_background.png]
[sevencollab.com/wp-content/plugins/popup-builder/img/colorbox5/loading.gif]
[sevencollab.com/wp-content/plugins/popup-builder/img/colorbox6/colorbox_overlay.png]
[sevencollab.com/wp-content/plugins/popup-builder/img/colorbox6/border1.png]
[sevencollab.com/wp-content/plugins/popup-builder/img/colorbox6/border2.png]
[sevencollab.com/wp-content/plugins/popup-builder/img/colorbox6/loading.gif]
[sevencollab.com/wp-content/plugins/popup-builder/img/colorbox6/colorbox_sprite.png]
[sevencollab.com/wp-content/plugins/popup-builder/style/sgcolorbox/sgthemesee6c.css]
[sevencollab.com/wp-content/plugins/js_composer/assets/lib/bower/animate-css/animate.min5243.css]
[sevencollab.com/wp-content/themes/sparks-child/assets/css/blog-horizontal-listcbf4.css]
[sevencollab.com/wp-content/plugins/justified-gallery/includes/Lightbox/Swipebox/assets/img/loader.gif]
[sevencollab.com/wp-content/plugins/justified-gallery/includes/Lightbox/Swipebox/assets/img/icons.png]
[sevencollab.com/wp-content/plugins/justified-gallery/includes/Lightbox/Swipebox/assets/css/swipebox.min3e0d.css]
[sevencollab.com/wp-content/plugins/wp-datepicker/css/images/ui-bg_glass_95_fef1ec_1x400.html]
[sevencollab.com/wp-content/plugins/wp-datepicker/css/images/ui-icons_888888_256x240.html]
[sevencollab.com/wp-content/plugins/wp-datepicker/css/images/ui-icons_2e83ff_256x240.html]
[sevencollab.com/wp-content/plugins/wp-datepicker/css/images/ui-icons_cd0a0a_256x240.html]
[sevencollab.com/wp-content/plugins/wp-datepicker/css/images/ui-bg_flat_0_aaaaaa_40x100.html]
[sevencollab.com/wp-content/themes/sparks-child/assets/fonts/icomoon1b16.svg]
[sevencollab.com/wp-content/themes/sparks-child/assets/fonts/icocustom9103.svg]
[sevencollab.com/wp-content/themes/sparks-child/assets/fonts/icocustom1f7da.svg]
[sevencollab.com/wp-content/themes/sparks-child/assets/fonts/icocustom24a7c.svg]
[sevencollab.com/wp-content/themes/sparks-child/assets/fonts/iconportfolio9874.svg]
[sevencollab.com/wp-content/themes/sparks-child/assets/fonts/icocustom-24361.svg]
[sevencollab.com/wp-content/themes/sparks-child/assets/fonts/icoportfolio-37c84.svg]
[sevencollab.com/wp-content/themes/sparks-child/assets/fonts/icoportfolio-4e051.svg]
[sevencollab.com/wp-content/themes/sparks-child/assets/fonts/icomoon-pp-182fe.svg]
[sevencollab.com/wp-content/themes/sparks-child/assets/fonts/icomoon-pp-20308.svg]
[sevencollab.com/wp-content/themes/sparks-child/assets/fonts/icomoon-pp-34c90.svg]
[sevencollab.com/wp-content/themes/sparks-child/assets/fonts/fonts/icomoon-pp-409cc.html]
[sevencollab.com/wp-content/themes/sparks-child/assets/fonts/fonts/icomoon-pp-409cc-2.html]
[sevencollab.com/wp-content/themes/sparks-child/assets/fonts/fonts/icomoon-pp-409cc-3.html]
[sevencollab.com/wp-content/themes/sparks-child/assets/fonts/fonts/icomoon-pp-409cc-4.html]
[sevencollab.com/wp-content/themes/sparks-child/assets/fonts/icomoon-pp-62bb0.svg]
[sevencollab.com/wp-content/themes/sparks-child/assets/fonts/icoportfolio-55a16.svg]
[sevencollab.com/wp-content/themes/sparks-child/assets/fonts/icoportfolio-6d360.svg]
[sevencollab.com/wp-content/themes/sparks-child/assets/fonts/icocustomseven-70e4b.svg]
[sevencollab.com/wp-content/themes/sparks-child/assets/fonts/icon-customseven-851b8.svg]
[sevencollab.com/wp-content/themes/sparks-child/assets/fonts/icon-customseven2018-95c9c.svg]
[sevencollab.com/wp-content/themes/sparks-child/assets/fonts/icomoon-m2gf40b.svg]
[sevencollab.com/wp-content/themes/sparks-child/assets/fonts/icon-m2g-29d70.svg]
[sevencollab.com/wp-content/themes/sparks-child/assets/fonts/icomoon-moxi3987.svg]
[sevencollab.com/wp-content/themes/sparks-child/assets/fonts/icomoon-moxi2554e.svg]
[sevencollab.com/wp-content/themes/sparks-child/assets/fonts/icoportfolio-788d7.svg]
[sevencollab.com/wp-content/themes/sparks-child/assets/fonts/icobenefits0ef6.svg]
[sevencollab.com/wp-content/themes/sparks-child/assets/fonts/icoautismc94a.svg]
[sevencollab.com/wp-content/themes/sparks-child/assets/fonts/icoautism-compatible4d4e.svg]
[sevencollab.com/wp-content/themes/sparks-child/assets/fonts/icogivegrin64d4.svg]
[sevencollab.com/wp-content/themes/sparks-child/assets/fonts/pro-web-app-dev-icons5b08.svg]
[sevencollab.com/wp-content/themes/sparks-child/assets/fonts/icoaseda0fc5.svg]
[sevencollab.com/wp-content/themes/sparks-child/assets/fonts/icohealthcare20ae.svg]
[sevencollab.com/wp-content/themes/sparks-child/assets/fonts/icomoon-technology0908.svg]
[sevencollab.com/wp-content/themes/sparks-child/assets/fonts/icomoon-ppm1731.svg]
[sevencollab.com/wp-content/themes/sparks-child/assets/fonts/icomoon-new1594.svg]
[sevencollab.com/wp-content/themes/sparks-child/assets/fonts/fonts/fontello941a.woff2]
[sevencollab.com/wp-content/themes/sparks-child/assets/fonts/fonts/fontello941a.svg]
[sevencollab.com/wp-content/themes/sparks-child/assets/fonts/fontellof6a3.svg]
[sevencollab.com/wp-content/themes/sparks-child/assets/fonts/icomoon-page-2347b.svg]
[sevencollab.com/wp-content/themes/sparks-child/assets/fonts/icomoon-page-3f273.svg]
[sevencollab.com/wp-content/themes/sparks-child/assets/fonts/icomoon-page-3-1b247.svg]
[sevencollab.com/wp-content/themes/sparks-child/assets/fonts/icomoon-page-44-1100c.svg]
[sevencollab.com/wp-content/themes/sparks-child/assets/fonts/icomoon-page-5-6ffe.svg]
[sevencollab.com/wp-content/themes/sparks-child/assets/fonts/icomoon-page-788c8.svg]
[sevencollab.com/wp-content/themes/sparks-child/assets/fonts/icons-2023/icomoon-2023f3e4.svg]
[sevencollab.com/wp-content/themes/sparks-child/assets/fonts/next-btn/icomoon-2023-btn2876.svg]
[sevencollab.com/wp-content/themes/sparks-child/assets/fonts/icons-dev-2023/icomoon-dev-20237646.svg]
[sevencollab.com/wp-content/themes/sparks-child/assets/fonts/socials-2023/icomoon-socials-202310c0.svg]
[sevencollab.com/wp-content/themes/sparks-child/assets/fonts/homepage-2023/icomoon-homepage-2023d20f.svg]
[sevencollab.com/wp-content/themes/sparks-child/assets/fonts/icomoon-oneicon-2023/icomoon-oneicon-202352b2.svg]
[new-test.sevencollab.com/wp-content/uploads/2021/06/Portfolio-button.html]
[sevencollab.com/wp-content/themes/sparks-child/assets/img/example_bg_v.html]
[sevencollab.com/wp-content/themes/sparks-child/assets/img/example_bg_h.html]
[sevencollab.com/wp-content/themes/sparks-child/assets/img/example_bg_spacer_v.html]
[sevencollab.com/wp-content/themes/sparks-child/assets/img/example_bg_spacer_h.html]
[sevencollab.com/wp-content/themes/sparks-child/assets/img/example_parallax_l1.html]
[sevencollab.com/wp-content/themes/sparks-child/assets/img/example_parallax_l2.html]
[sevencollab.com/wp-content/themes/sparks-child/assets/img/example_parallax_l3.html]
[sevencollab.com/wp-content/themes/sparks/assets/css/elegant-icons/fonts/ElegantIcons.svg]
[sevencollab.com/wp-content/themes/sparks/assets/css/linea-icons/arrows/fonts/linea-arrows-10.svg]
[sevencollab.com/wp-content/themes/sparks/assets/css/linea-icons/basic/fonts/linea-basic-10.svg]
[sevencollab.com/wp-content/themes/sparks/assets/css/linea-icons/basic-elaboration/fonts/linea-basic-elaboration-10.svg]
[sevencollab.com/wp-content/themes/sparks/assets/css/linea-icons/ecommerce/fonts/linea-ecommerce-10.svg]
[sevencollab.com/wp-content/themes/sparks/assets/css/linea-icons/music/fonts/linea-music-10.svg]
[sevencollab.com/wp-content/themes/sparks/assets/css/linea-icons/software/fonts/linea-software-10.svg]
[sevencollab.com/wp-content/themes/sparks/assets/css/linea-icons/weather/fonts/linea-weather-10.svg]
[sevencollab.com/wp-content/themes/sparks/assets/css/simple-line-icons/fonts/Simple-Line-Icons4c82.svg]
[sevencollab.com/wp-content/themes/sparks/assets/css/dripicons/fonts/dripicons.svg]
[sevencollab.com/wp-content/themes/sparks/assets/css/linear-icons/fonts/Linearicons-Free54e9.svg]
[sevencollab.com/wp-includes/js/mediaelement/mejs-controls.svg]
[sevencollab.com/wp-content/plugins/justified-gallery/includes/Lightbox/Swipebox/assets/js/jquery.swipebox.min3e0d.js]
[sevencollab.com/wp-content/plugins/contact-form-7/images/ajax-loader.gif]
[sevencollab.com/wp-content/plugins/wp-datepicker/css/images/ui-bg_flat_75_ffffff_40x100.png]
